2026-07-24 17:20:37,932 - gaiaml - INFO - This is an info message for testing.
2026-07-24 17:20:37,933 - gaiaml - WARNING - This is a warning message for testing.
2026-07-24 17:20:37,933 - gaiaml - ERROR - This is an error message for testing.
2026-07-24 17:20:37,933 - gaiaml - ERROR - This is an exception message for testing.
NoneType: None
2026-07-24 17:21:03,402 - gaiaml - INFO - This is an info message for testing.
2026-07-24 17:21:03,402 - gaiaml - WARNING - This is a warning message for testing.
2026-07-24 17:21:03,403 - gaiaml - ERROR - This is an error message for testing.
2026-07-24 17:21:03,403 - gaiaml - ERROR - This is an exception message for testing.
NoneType: None
2026-07-24 17:21:33,337 - gaiaml - INFO - This is an info message for testing.
2026-07-24 17:21:33,337 - gaiaml - WARNING - This is a warning message for testing.
2026-07-24 17:21:33,337 - gaiaml - ERROR - This is an error message for testing.
2026-07-24 17:21:33,338 - gaiaml - ERROR - This is an exception message for testing.
NoneType: None
2026-07-24 17:24:28,770 - gaiaml - INFO - This is an info message for testing.
2026-07-24 17:24:28,770 - gaiaml - WARNING - This is a warning message for testing.
2026-07-24 17:24:28,770 - gaiaml - ERROR - This is an error message for testing.
2026-07-24 17:24:28,770 - gaiaml - ERROR - This is an exception message for testing.
NoneType: None
2026-07-24 17:30:22,344 - gaiaml - INFO - This is an info message for testing.
2026-07-24 17:30:22,345 - gaiaml - WARNING - This is a warning message for testing.
2026-07-24 17:30:22,345 - gaiaml - ERROR - This is an error message for testing.
2026-07-24 17:30:22,345 - gaiaml - ERROR - This is an exception message for testing.
NoneType: None
2026-07-24 17:37:11,505 - gaiaml - INFO - This is an info message for testing.
2026-07-24 17:37:11,506 - gaiaml - WARNING - This is a warning message for testing.
2026-07-24 17:37:11,506 - gaiaml - ERROR - This is an error message for testing.
2026-07-24 17:37:11,506 - gaiaml - ERROR - This is an exception message for testing.
NoneType: None
2026-07-24 18:16:47,136 - gaiaml - INFO - This is an info message for testing.
2026-07-24 18:16:47,136 - gaiaml - WARNING - This is a warning message for testing.
2026-07-24 18:16:47,136 - gaiaml - ERROR - This is an error message for testing.
2026-07-24 18:16:47,138 - gaiaml - ERROR - This is an exception message for testing.
NoneType: None
2026-08-01 15:20:50,783 - gaiaml - INFO - Database connection established.
2026-08-01 15:20:50,784 - gaiaml - INFO - Checking and creating tables if they do not exist...
2026-08-01 15:20:50,784 - gaiaml - INFO - This may take a few moments, please wait...
2026-08-01 15:21:24,852 - gaiaml - INFO - Database connection established.
2026-08-01 15:21:24,852 - gaiaml - INFO - Checking and creating tables if they do not exist...
2026-08-01 15:21:24,852 - gaiaml - INFO - This may take a few moments, please wait...
2026-08-01 15:22:26,026 - gaiaml - INFO - Database connection established.
2026-08-01 15:22:26,027 - gaiaml - INFO - Checking and creating tables if they do not exist...
2026-08-01 15:22:26,028 - gaiaml - INFO - This may take a few moments, please wait...
2026-08-01 15:23:08,692 - gaiaml - INFO - Starting Gaia DR3 data download...
2026-08-01 15:39:20,264 - gaiaml - INFO - Database connection established.
2026-08-01 15:39:20,264 - gaiaml - INFO - Checking and creating tables if they do not exist...
2026-08-01 15:39:20,264 - gaiaml - INFO - This may take a few moments, please wait...
2026-08-01 15:42:31,521 - gaiaml - INFO - Starting Gaia DR3 data download...
2026-08-01 15:42:58,002 - gaiaml - ERROR - Error inserting Gaia DR3 data into the database: table gaia_dr3_data has 7 columns but 152 values were supplied
2026-08-01 15:45:41,947 - gaiaml - INFO - Database connection established.
2026-08-01 15:45:41,947 - gaiaml - INFO - Checking and creating tables if they do not exist...
2026-08-01 15:45:41,948 - gaiaml - INFO - This may take a few moments, please wait...
2026-08-01 15:46:19,224 - gaiaml - INFO - Starting Gaia DR3 data download...
2026-08-01 15:46:51,411 - gaiaml - ERROR - Error inserting Gaia DR3 data into the database: table gaia_dr3_data has 7 columns but 152 values were supplied
2026-08-01 15:51:08,496 - gaiaml - INFO - Database connection established.
2026-08-01 15:51:08,496 - gaiaml - INFO - Checking and creating tables if they do not exist...
2026-08-01 15:51:08,497 - gaiaml - INFO - This may take a few moments, please wait...
2026-08-01 15:53:36,444 - gaiaml - INFO - Starting Gaia DR3 data download...
2026-08-01 15:54:04,501 - gaiaml - ERROR - Error inserting Gaia DR3 data into the database: table gaia_dr3_data has 7 columns but 152 values were supplied
2026-08-01 15:56:45,330 - gaiaml - INFO - Starting GaiaML CLI...
2026-08-01 15:56:45,331 - gaiaml - INFO - Initializing database...
2026-08-01 15:56:45,331 - gaiaml - INFO - This may take a few seconds, please wait...
2026-08-01 15:56:45,332 - gaiaml - INFO - Database connection established.
2026-08-01 15:56:45,332 - gaiaml - INFO - Checking and creating tables if they do not exist...
2026-08-01 15:56:45,332 - gaiaml - INFO - This may take a few moments, please wait...
2026-08-01 15:56:45,333 - gaiaml - INFO - Database initialized successfully.
2026-08-01 16:00:33,311 - gaiaml - INFO - Starting GaiaML CLI...
2026-08-01 16:00:33,311 - gaiaml - INFO - Initializing database...
2026-08-01 16:00:33,312 - gaiaml - INFO - This may take a few seconds, please wait...
2026-08-01 16:00:33,312 - gaiaml - INFO - Database connection established.
2026-08-01 16:00:33,313 - gaiaml - INFO - Checking and creating tables if they do not exist...
2026-08-01 16:00:33,313 - gaiaml - INFO - This may take a few moments, please wait...
2026-08-01 16:00:33,314 - gaiaml - INFO - Database initialized successfully.
2026-08-01 16:14:59,651 - gaiaml - INFO - Starting GaiaML...
2026-08-01 16:14:59,651 - gaiaml - INFO - Initializing database...
2026-08-01 16:14:59,651 - gaiaml - INFO - This may take a few seconds, please wait...
2026-08-01 16:14:59,652 - gaiaml - INFO - Database connection established.
2026-08-01 16:14:59,652 - gaiaml - INFO - Checking and creating tables if they do not exist...
2026-08-01 16:14:59,653 - gaiaml - INFO - This may take a few moments, please wait...
2026-08-01 16:14:59,653 - gaiaml - INFO - Database initialized successfully.
2026-08-01 16:15:29,463 - gaiaml - INFO - Starting GaiaML...
2026-08-01 16:15:29,463 - gaiaml - INFO - Initializing database...
2026-08-01 16:15:29,464 - gaiaml - INFO - This may take a few seconds, please wait...
2026-08-01 16:15:29,464 - gaiaml - INFO - Database connection established.
2026-08-01 16:15:29,465 - gaiaml - INFO - Checking and creating tables if they do not exist...
2026-08-01 16:15:29,465 - gaiaml - INFO - This may take a few moments, please wait...
2026-08-01 16:15:29,466 - gaiaml - INFO - Database initialized successfully.
2026-08-01 16:16:39,427 - gaiaml - INFO - Starting GaiaML...
2026-08-01 16:16:39,427 - gaiaml - INFO - Initializing database...
2026-08-01 16:16:39,428 - gaiaml - INFO - This may take a few seconds, please wait...
2026-08-01 16:16:39,428 - gaiaml - INFO - Database connection established.
2026-08-01 16:16:39,428 - gaiaml - INFO - Checking and creating tables if they do not exist...
2026-08-01 16:16:39,428 - gaiaml - INFO - This may take a few moments, please wait...
2026-08-01 16:16:39,429 - gaiaml - INFO - Database initialized successfully.
2026-08-01 16:16:39,431 - gaiaml - INFO - Starting GaiaML CLI...
2026-08-01 16:16:39,432 - gaiaml - ERROR - Error starting CLI: module 'data.database.sqlite.db' has no attribute 'is_database_initialized'
2026-08-01 16:23:11,435 - gaiaml - INFO - Starting GaiaML...
2026-08-01 16:23:11,436 - gaiaml - INFO - Initializing database...
2026-08-01 16:23:11,436 - gaiaml - INFO - This may take a few seconds, please wait...
2026-08-01 16:23:11,436 - gaiaml - INFO - Database connection established.
2026-08-01 16:23:11,437 - gaiaml - INFO - Checking and creating tables if they do not exist...
2026-08-01 16:23:11,437 - gaiaml - INFO - This may take a few moments, please wait...
2026-08-01 16:23:11,438 - gaiaml - INFO - Database initialized successfully.
2026-08-01 16:23:11,440 - gaiaml - INFO - Starting GaiaML CLI...
2026-08-01 16:24:25,828 - gaiaml - INFO - Downloading test data with confirmed exoplanets from Gaia DR3...
2026-08-01 16:24:52,404 - gaiaml - ERROR - Error starting CLI: Error 400: 
Cannot parse query '
    SELECT TOP 10 *
    FROM gaiadr3.vari_planetary_transit
    WHERE source_id IN (
        SELECT source_id
        FROM gaiadr3.gaia_source
        WHERE phot_g_mean_mag &lt; 15
        AND parallax > 10
    )
    ' for job 'd0a3385d-8df7-11f1-b68a-bc97e148b76b-O': 1 unresolved identifiers: source_id [l.5 c.16 - l.5 c.25] !
 - Ambiguous column name "source_id" ! It may be (at least) "vari_planetary_transit.source_id" or "gaia_source.source_id".

2026-08-01 16:45:16,617 - gaiaml - INFO - Starting GaiaML...
2026-08-01 16:45:16,618 - gaiaml - INFO - Initializing database...
2026-08-01 16:45:16,618 - gaiaml - INFO - This may take a few seconds, please wait...
2026-08-01 16:45:16,620 - gaiaml - INFO - Database connection established.
2026-08-01 16:45:16,620 - gaiaml - INFO - Checking and creating tables if they do not exist...
2026-08-01 16:45:16,621 - gaiaml - INFO - This may take a few moments, please wait...
2026-08-01 16:45:16,622 - gaiaml - INFO - Database initialized successfully.
2026-08-01 16:45:16,624 - gaiaml - INFO - Starting GaiaML CLI...
2026-08-01 16:45:34,599 - gaiaml - INFO - Downloading test data with confirmed exoplanets from Gaia DR3...
2026-08-01 16:45:57,326 - gaiaml - ERROR - Error starting CLI: Error 400: 
Cannot parse query '
    SELECT TOP 10 *
    FROM gaiadr3.vari_planetary_transit
    WHERE source_id IN (
        SELECT source_id
        FROM gaiadr3.gaia_source
        WHERE phot_g_mean_mag &lt; 15
        AND parallax > 10
    )
    ' for job 'c29cab03-8dfa-11f1-b68a-bc97e148b76b-O': 1 unresolved identifiers: source_id [l.5 c.16 - l.5 c.25] !
 - Ambiguous column name "source_id" ! It may be (at least) "vari_planetary_transit.source_id" or "gaia_source.source_id".

2026-08-01 16:57:15,000 - gaiaml - INFO - Starting GaiaML...
2026-08-01 16:57:15,000 - gaiaml - INFO - Initializing database...
2026-08-01 16:57:15,002 - gaiaml - INFO - This may take a few seconds, please wait...
2026-08-01 16:57:15,002 - gaiaml - INFO - Database connection established.
2026-08-01 16:57:15,002 - gaiaml - INFO - Checking and creating tables if they do not exist...
2026-08-01 16:57:15,002 - gaiaml - INFO - This may take a few moments, please wait...
2026-08-01 16:57:15,003 - gaiaml - INFO - Database initialized successfully.
2026-08-01 16:57:15,005 - gaiaml - INFO - Starting GaiaML CLI...
2026-08-01 16:57:19,416 - gaiaml - INFO - Downloading test data with confirmed exoplanets from Gaia DR3...
2026-08-01 16:57:41,909 - gaiaml - ERROR - Error starting CLI: Error 400: 
Cannot parse query '
    SELECT TOP 10 *
    FROM gaiadr3.vari_planetary_transit
    WHERE phot_g_mean_mag &lt; 15 AND parallax > 10
    ' for job '66acb08b-8dfc-11f1-b68a-bc97e148b76b-O': 2 unresolved identifiers: phot_g_mean_mag [l.4 c.11 - l.4 c.26], parallax [l.4 c.36 - l.4 c.44] !
 - Unknown column "phot_g_mean_mag" !
 - Unknown column "parallax" !

2026-08-01 16:59:22,735 - gaiaml - INFO - Starting GaiaML...
2026-08-01 16:59:22,735 - gaiaml - INFO - Initializing database...
2026-08-01 16:59:22,736 - gaiaml - INFO - This may take a few seconds, please wait...
2026-08-01 16:59:22,736 - gaiaml - INFO - Database connection established.
2026-08-01 16:59:22,737 - gaiaml - INFO - Checking and creating tables if they do not exist...
2026-08-01 16:59:22,737 - gaiaml - INFO - This may take a few moments, please wait...
2026-08-01 16:59:22,738 - gaiaml - INFO - Database initialized successfully.
2026-08-01 16:59:22,740 - gaiaml - INFO - Starting GaiaML CLI...
2026-08-01 17:00:14,122 - gaiaml - INFO - Downloading test data with confirmed exoplanets from Gaia DR3...
2026-08-01 17:00:37,409 - gaiaml - ERROR - Error starting CLI: 'ra'
2026-08-02 09:01:22,257 - gaiaml - INFO - Starting GaiaML...
2026-08-02 09:01:22,258 - gaiaml - INFO - Initializing database...
2026-08-02 09:01:22,258 - gaiaml - INFO - This may take a few seconds, please wait...
2026-08-02 09:01:22,263 - gaiaml - INFO - Database connection established.
2026-08-02 09:01:22,264 - gaiaml - INFO - Checking and creating tables if they do not exist...
2026-08-02 09:01:22,264 - gaiaml - INFO - This may take a few moments, please wait...
2026-08-02 09:01:22,270 - gaiaml - INFO - Database initialized successfully.
2026-08-02 09:01:22,272 - gaiaml - INFO - Starting GaiaML CLI...
2026-08-02 09:02:10,821 - gaiaml - INFO - Downloading test data with confirmed exoplanets from Gaia DR3...
2026-08-02 09:02:39,787 - gaiaml - ERROR - Error starting CLI: 'ra'
2026-08-02 09:07:47,099 - gaiaml - INFO - Starting GaiaML...
2026-08-02 09:07:47,099 - gaiaml - INFO - Initializing database...
2026-08-02 09:07:47,099 - gaiaml - INFO - This may take a few seconds, please wait...
2026-08-02 09:07:47,100 - gaiaml - INFO - Database connection established.
2026-08-02 09:07:47,100 - gaiaml - INFO - Checking and creating tables if they do not exist...
2026-08-02 09:07:47,100 - gaiaml - INFO - This may take a few moments, please wait...
2026-08-02 09:07:47,101 - gaiaml - INFO - Database initialized successfully.
2026-08-02 09:07:47,103 - gaiaml - INFO - Starting GaiaML CLI...
2026-08-02 09:10:10,343 - gaiaml - INFO - Starting GaiaML...
2026-08-02 09:10:10,343 - gaiaml - INFO - Initializing database...
2026-08-02 09:10:10,343 - gaiaml - INFO - This may take a few seconds, please wait...
2026-08-02 09:10:10,344 - gaiaml - INFO - Database connection established.
2026-08-02 09:10:10,344 - gaiaml - INFO - Checking and creating tables if they do not exist...
2026-08-02 09:10:10,344 - gaiaml - INFO - This may take a few moments, please wait...
2026-08-02 09:10:10,345 - gaiaml - INFO - Database initialized successfully.
2026-08-02 09:10:10,347 - gaiaml - INFO - Starting GaiaML CLI...
2026-08-02 09:10:16,246 - gaiaml - INFO - Starting data download process...
2026-08-02 09:10:16,246 - gaiaml - INFO - Initializing GaiaDownloader, please wait...
2026-08-02 09:12:45,533 - gaiaml - INFO - Downloading test data with confirmed exoplanets from Gaia DR3...
2026-08-02 09:13:14,396 - gaiaml - ERROR - Error starting CLI: 'ra'
2026-08-02 09:20:45,991 - gaiaml - INFO - Starting GaiaML...
2026-08-02 09:20:45,992 - gaiaml - INFO - Initializing database...
2026-08-02 09:20:45,992 - gaiaml - INFO - This may take a few seconds, please wait...
2026-08-02 09:20:45,993 - gaiaml - INFO - Database connection established.
2026-08-02 09:20:45,993 - gaiaml - INFO - Checking and creating tables if they do not exist...
2026-08-02 09:20:45,993 - gaiaml - INFO - This may take a few moments, please wait...
2026-08-02 09:20:45,993 - gaiaml - INFO - Database initialized successfully.
2026-08-02 09:20:45,996 - gaiaml - INFO - Starting GaiaML CLI...
2026-08-02 09:20:48,545 - gaiaml - INFO - Starting data download process...
2026-08-02 09:20:48,546 - gaiaml - INFO - Initializing GaiaDownloader, please wait...
2026-08-02 09:21:43,573 - gaiaml - INFO - Downloading test data with confirmed exoplanets from Gaia DR3...
2026-08-02 09:22:14,629 - gaiaml - ERROR - Error starting CLI: 'ra'
2026-08-02 09:24:27,409 - gaiaml - INFO - Starting GaiaML...
2026-08-02 09:24:27,410 - gaiaml - INFO - Initializing database...
2026-08-02 09:24:27,410 - gaiaml - INFO - This may take a few seconds, please wait...
2026-08-02 09:24:27,411 - gaiaml - INFO - Database connection established.
2026-08-02 09:24:27,411 - gaiaml - INFO - Checking and creating tables if they do not exist...
2026-08-02 09:24:27,411 - gaiaml - INFO - This may take a few moments, please wait...
2026-08-02 09:24:27,416 - gaiaml - INFO - Database initialized successfully.
2026-08-02 09:24:27,418 - gaiaml - INFO - Starting GaiaML CLI...
2026-08-02 09:24:34,296 - gaiaml - INFO - Starting GaiaML...
2026-08-02 09:24:34,296 - gaiaml - INFO - Initializing database...
2026-08-02 09:24:34,297 - gaiaml - INFO - This may take a few seconds, please wait...
2026-08-02 09:24:34,299 - gaiaml - INFO - Database connection established.
2026-08-02 09:24:34,299 - gaiaml - INFO - Checking and creating tables if they do not exist...
2026-08-02 09:24:34,299 - gaiaml - INFO - This may take a few moments, please wait...
2026-08-02 09:24:34,301 - gaiaml - INFO - Database initialized successfully.
2026-08-02 09:24:34,303 - gaiaml - INFO - Starting GaiaML CLI...
2026-08-02 09:24:36,995 - gaiaml - INFO - Starting data download process...
2026-08-02 09:24:36,995 - gaiaml - INFO - Initializing GaiaDownloader, please wait...
2026-08-02 09:25:31,736 - gaiaml - INFO - Downloading test data with confirmed exoplanets from Gaia DR3...
2026-08-02 09:26:04,653 - gaiaml - INFO - Test data downloaded and inserted into the database.
2026-08-02 09:26:04,653 - gaiaml - ERROR - Error starting CLI: 'GaiaClass' object has no attribute 'is_connected'
2026-08-02 09:52:23,450 - gaiaml - INFO - Starting GaiaML...
2026-08-02 09:52:23,450 - gaiaml - INFO - Initializing database...
2026-08-02 09:52:23,450 - gaiaml - INFO - This may take a few seconds, please wait...
2026-08-02 09:52:23,451 - gaiaml - INFO - Database connection established.
2026-08-02 09:52:23,451 - gaiaml - INFO - Checking and creating tables if they do not exist...
2026-08-02 09:52:23,452 - gaiaml - INFO - This may take a few moments, please wait...
2026-08-02 09:52:23,452 - gaiaml - INFO - Database initialized successfully.
2026-08-02 09:52:23,455 - gaiaml - INFO - Starting GaiaML CLI...
2026-08-02 09:52:44,117 - gaiaml - INFO - Starting data download process...
2026-08-02 09:52:44,118 - gaiaml - INFO - Initializing GaiaDownloader, please wait...
2026-08-02 09:53:29,297 - gaiaml - INFO - Downloading test data with confirmed exoplanets from Gaia DR3...
2026-08-02 09:58:13,844 - gaiaml - INFO - Test data downloaded and inserted into the database.
2026-08-02 10:16:33,766 - gaiaml - INFO - Starting GaiaML...
2026-08-02 10:16:33,767 - gaiaml - INFO - Initializing database...
2026-08-02 10:16:33,767 - gaiaml - INFO - This may take a few seconds, please wait...
2026-08-02 10:16:33,768 - gaiaml - INFO - Database connection established.
2026-08-02 10:16:33,768 - gaiaml - INFO - Checking and creating tables if they do not exist...
2026-08-02 10:16:33,768 - gaiaml - INFO - This may take a few moments, please wait...
2026-08-02 10:16:33,769 - gaiaml - INFO - Database initialized successfully.
2026-08-02 10:16:33,770 - gaiaml - INFO - Starting GaiaML CLI...
2026-08-02 10:40:19,943 - gaiaml - INFO - Starting GaiaML...
2026-08-02 10:40:19,944 - gaiaml - INFO - Initializing database...
2026-08-02 10:40:19,944 - gaiaml - INFO - This may take a few seconds, please wait...
2026-08-02 10:40:19,945 - gaiaml - INFO - Database connection established.
2026-08-02 10:40:19,945 - gaiaml - INFO - Checking and creating tables if they do not exist...
2026-08-02 10:40:19,945 - gaiaml - INFO - This may take a few moments, please wait...
2026-08-02 10:40:19,946 - gaiaml - INFO - Database initialized successfully.
2026-08-02 10:40:19,948 - gaiaml - INFO - Starting GaiaML CLI...
2026-08-02 10:40:22,642 - gaiaml - INFO - Starting model training...
2026-08-02 10:40:56,636 - gaiaml - INFO - preprocessing data for training...
2026-08-02 10:40:56,637 - gaiaml - ERROR - Error starting CLI: 'list' object has no attribute 'dropna'
2026-08-02 10:54:28,642 - gaiaml - WARNING - Training data does not include 'is_confirmed_host'. Using a synthetic positive label for all rows.
2026-08-02 10:54:43,994 - gaiaml - WARNING - Training data does not include 'is_confirmed_host'. Using a synthetic positive label for all rows.
2026-08-02 10:55:21,333 - gaiaml - INFO - Database connection established.
2026-08-02 10:55:21,333 - gaiaml - INFO - Checking and creating tables if they do not exist...
2026-08-02 10:55:21,333 - gaiaml - INFO - This may take a few moments, please wait...
2026-08-02 10:55:21,342 - gaiaml - WARNING - Training data does not include 'is_confirmed_host'. Using a synthetic positive label for all rows.
2026-08-02 11:06:47,025 - gaiaml - INFO - Starting GaiaML...
2026-08-02 11:06:47,025 - gaiaml - INFO - Initializing database...
2026-08-02 11:06:47,025 - gaiaml - INFO - This may take a few seconds, please wait...
2026-08-02 11:06:47,026 - gaiaml - INFO - Database connection established.
2026-08-02 11:06:47,026 - gaiaml - INFO - Checking and creating tables if they do not exist...
2026-08-02 11:06:47,026 - gaiaml - INFO - This may take a few moments, please wait...
2026-08-02 11:06:47,028 - gaiaml - INFO - Database initialized successfully.
2026-08-02 11:06:47,030 - gaiaml - INFO - Starting GaiaML CLI...
2026-08-02 11:06:53,901 - gaiaml - INFO - Starting model training...
2026-08-02 11:06:55,387 - gaiaml - INFO - preprocessing data for training...
2026-08-02 11:06:55,390 - gaiaml - WARNING - Training data does not include 'is_confirmed_host'. Using a synthetic positive label for all rows.
2026-08-02 11:21:33,603 - gaiaml - INFO - Starting GaiaML...
2026-08-02 11:21:33,603 - gaiaml - INFO - Initializing database...
2026-08-02 11:21:33,604 - gaiaml - INFO - This may take a few seconds, please wait...
2026-08-02 11:21:33,605 - gaiaml - INFO - Database connection established.
2026-08-02 11:21:33,605 - gaiaml - INFO - Checking and creating tables if they do not exist...
2026-08-02 11:21:33,605 - gaiaml - INFO - This may take a few moments, please wait...
2026-08-02 11:21:33,620 - gaiaml - INFO - Database initialized successfully.
2026-08-02 11:21:33,622 - gaiaml - INFO - Starting GaiaML CLI...
2026-08-02 11:21:37,371 - gaiaml - INFO - Initializing GaiaDownloader, please wait...
2026-08-02 11:22:18,738 - gaiaml - INFO - Starting Gaia DR3 data download...
2026-08-02 11:28:32,393 - gaiaml - INFO - Gaia DR3 data downloaded and inserted into the database.
2026-08-02 11:30:20,569 - gaiaml - INFO - Initializing GaiaDownloader, please wait...
2026-08-02 11:30:24,586 - gaiaml - INFO - Downloading test data with confirmed exoplanets from Gaia DR3...
2026-08-02 11:35:30,220 - gaiaml - INFO - Test data downloaded and inserted into the database.
